../Core/Src/main.c:86:5:main	128	static
../Core/Src/main.c:180:6:SystemClock_Config	72	static
../Core/Src/main.c:217:13:MX_TIM4_Init	32	static
../Core/Src/main.c:262:13:MX_GPIO_Init	32	static
../Core/Src/main.c:286:6:AccessSharedData	8	static
../Core/Src/main.c:308:8:SimulateReadWriteOperation	16	static,ignoring_inline_asm
../Core/Src/main.c:326:6:StartDefaultTask	16	static
../Core/Src/main.c:344:6:GreenTask	16	static
../Core/Src/main.c:375:6:RedTask	16	static
../Core/Src/main.c:405:6:OrangeTask	16	static
../Core/Src/main.c:421:6:HAL_TIM_PeriodElapsedCallback	16	static
../Core/Src/main.c:431:6:Error_Handler	4	static,ignoring_inline_asm
